2026-09-15T17:19:00Z INF Thank you for trying Cloudflare Tunnel. Doing so, without a Cloudflare account, is a quick way to experiment and try it out. However, be aware that these account-less Tunnels have no uptime guarantee, are subject to the Cloudflare Online Services Terms of Use (https://www.cloudflare.com/website-terms/), and Cloudflare reserves the right to investigate your use of Tunnels for violations of such terms. If you intend to use Tunnels in production you should use a pre-created named tunnel by following: https://developers.cloudflare.com/cloudflare-one/connections/connect-apps
2026-09-15T17:19:00Z INF Requesting new quick Tunnel on trycloudflare.com...
2026-09-15T17:19:08Z INF +--------------------------------------------------------------------------------------------+
2026-09-15T17:19:08Z INF |  Your quick Tunnel has been created! Visit it at (it may take some time to be reachable):  |
2026-09-15T17:19:08Z INF |  https://guam-restricted-arrange-after.trycloudflare.com                                   |
2026-09-15T17:19:08Z INF +--------------------------------------------------------------------------------------------+
2026-09-15T17:19:08Z INF Cannot determine default configuration path. No file [config.yml config.yaml] in [~/.cloudflared ~/.cloudflare-warp ~/cloudflare-warp /etc/cloudflared /usr/local/etc/cloudflared]
2026-09-15T17:19:08Z INF Version 2026.9.1 (Checksum 4803f3d90c7dbec0ba3c9d6e62399aa03f49bf3587c2c0a8b9ab57bc820fd15a)
2026-09-15T17:19:08Z INF GOOS: android, GOVersion: go1.27.1, GoArch: arm64
2026-09-15T17:19:08Z INF Settings: map[ha-connections:1 protocol:quic url:http://localhost:5000]
2026-09-15T17:19:08Z INF Autoupdate frequency is set autoupdateFreq=86400000
2026-09-15T17:19:08Z INF Generated Connector ID: 483a6203-70e5-456f-bf33-766995a71b66
2026-09-15T17:19:08Z INF Initial protocol quic
2026-09-15T17:19:08Z INF ICMP proxy will use 10.232.228.121 as source for IPv4
2026-09-15T17:19:08Z INF ICMP proxy will use ::1 in zone lo as source for IPv6
2026-09-15T17:19:08Z WRN The user running cloudflared process has a GID (group ID) that is not within ping_group_range. You might need to add that user to a group within that range, or instead update the range to encompass a group the user is already in by modifying /proc/sys/net/ipv4/ping_group_range. Otherwise cloudflared will not be able to ping this network error="open /proc/sys/net/ipv4/ping_group_range: permission denied"
2026-09-15T17:19:08Z INF ICMP proxy will use 10.232.228.121 as source for IPv4
2026-09-15T17:19:08Z INF ICMP proxy will use ::1 in zone lo as source for IPv6
2026-09-15T17:19:08Z INF Starting metrics server on 127.0.0.1:20241/metrics
2026-09-15T17:19:08Z INF Tunnel connection curve preferences: [X25519MLKEM768 CurveID(65074) CurveP256] connIndex=0 event=0 ip=198.41.192.7
2026-09-15T17:19:09Z INF Registered tunnel connection connIndex=0 connection=fe9a1e74-5e20-4127-9838-174398745042 event=0 ip=198.41.192.7 location=mba03 protocol=quic
2026-09-15T17:19:15Z INF +-------------------------------------------------------------------------------------+
2026-09-15T17:19:15Z INF |                               CONNECTIVITY PRE-CHECKS                               |
2026-09-15T17:19:15Z INF +-------------------------------------------------------------------------------------+
2026-09-15T17:19:15Z INF |  COMPONENT         TARGET                     STATUS  DETAILS                       |
2026-09-15T17:19:15Z INF |  DNS Resolution    region1.v2.argotunnel.com  PASS    DNS Resolved successfully     |
2026-09-15T17:19:15Z INF |  DNS Resolution    region2.v2.argotunnel.com  PASS    DNS Resolved successfully     |
2026-09-15T17:19:15Z INF |  UDP Connectivity  region1.v2.argotunnel.com  PASS    QUIC connection successful    |
2026-09-15T17:19:15Z INF |  UDP Connectivity  region2.v2.argotunnel.com  PASS    QUIC connection successful    |
2026-09-15T17:19:15Z INF |  TCP Connectivity  region1.v2.argotunnel.com  PASS    HTTP/2 connection successful  |
2026-09-15T17:19:15Z INF |  TCP Connectivity  region2.v2.argotunnel.com  PASS    HTTP/2 connection successful  |
2026-09-15T17:19:15Z INF |  Cloudflare API    api.cloudflare.com:443     PASS    API is reachable              |
2026-09-15T17:19:15Z INF |                                                                                     |
2026-09-15T17:19:15Z INF |  SUMMARY: Environment is healthy. cloudflared will use 'quic' as primary protocol.  |
2026-09-15T17:19:15Z INF +-------------------------------------------------------------------------------------+
2026-09-15T17:19:15Z INF precheck component="DNS Resolution" details="DNS Resolved successfully" run_id=97b3c091-718b-4ef8-99ff-3fe7a610d275 status=pass target=region1.v2.argotunnel.com
2026-09-15T17:19:15Z INF precheck component="DNS Resolution" details="DNS Resolved successfully" run_id=97b3c091-718b-4ef8-99ff-3fe7a610d275 status=pass target=region2.v2.argotunnel.com
2026-09-15T17:19:15Z INF precheck component="UDP Connectivity" details="QUIC connection successful" run_id=97b3c091-718b-4ef8-99ff-3fe7a610d275 status=pass target=region1.v2.argotunnel.com
2026-09-15T17:19:15Z INF precheck component="UDP Connectivity" details="QUIC connection successful" run_id=97b3c091-718b-4ef8-99ff-3fe7a610d275 status=pass target=region2.v2.argotunnel.com
2026-09-15T17:19:15Z INF precheck component="TCP Connectivity" details="HTTP/2 connection successful" run_id=97b3c091-718b-4ef8-99ff-3fe7a610d275 status=pass target=region1.v2.argotunnel.com
2026-09-15T17:19:15Z INF precheck component="TCP Connectivity" details="HTTP/2 connection successful" run_id=97b3c091-718b-4ef8-99ff-3fe7a610d275 status=pass target=region2.v2.argotunnel.com
2026-09-15T17:19:15Z INF precheck component="Cloudflare API" details="API is reachable" run_id=97b3c091-718b-4ef8-99ff-3fe7a610d275 status=pass target=api.cloudflare.com:443
2026-09-15T17:19:15Z INF precheck complete hard_fail=false run_id=97b3c091-718b-4ef8-99ff-3fe7a610d275 suggested_protocol=quic
2026-09-15T17:27:18Z ERR Serve tunnel error error="datagram manager error: timeout: no recent network activity" connIndex=0 event=0 ip=198.41.192.7
2026-09-15T17:27:18Z INF Retrying connection in up to 1s connIndex=0 event=0 ip=198.41.192.7
2026-09-15T17:27:18Z INF Tunnel connection curve preferences: [X25519MLKEM768 CurveID(65074) CurveP256] connIndex=0 event=0 ip=198.41.200.73
2026-09-15T17:27:26Z INF Registered tunnel connection connIndex=0 connection=854e7cdc-8d13-4605-bfc3-47fd6becc1f1 event=0 ip=198.41.200.73 location=jnb04 protocol=quic
